2026-05-06 02:59:45,987 [INFO] === rag_index ステージ開始 trace=6e187d8a-0261-414e-8b3d-22e29ebdb3c9 ===
2026-05-06 02:59:47,316 [INFO] CSV 読み込み中: D:\keiba_ai\keiba_data_features.csv
2026-05-06 03:00:06,608 [INFO]   総行数: 460768
2026-05-06 03:00:06,744 [INFO] RAGStore バックエンド: json
2026-05-06 03:00:06,744 [INFO] RAG: json fallback backend (D:\keiba_ai\data\rag_store\umanari_horses.jsonl)
2026-05-06 03:00:15,278 [INFO]   インデックス構築中: 1000 行完了
2026-05-06 03:00:21,014 [INFO]   インデックス構築中: 2000 行完了
2026-05-06 03:00:24,265 [INFO]   インデックス構築中: 3000 行完了
2026-05-06 03:00:28,610 [INFO]   インデックス構築中: 4000 行完了
2026-05-06 03:00:33,396 [INFO]   インデックス構築中: 5000 行完了
2026-05-06 03:00:36,732 [INFO]   インデックス構築中: 6000 行完了
2026-05-06 03:00:40,608 [INFO]   インデックス構築中: 7000 行完了
2026-05-06 03:00:43,112 [INFO]   インデックス構築中: 8000 行完了
2026-05-06 03:00:45,894 [INFO]   インデックス構築中: 9000 行完了
2026-05-06 03:00:48,452 [INFO]   インデックス構築中: 10000 行完了
2026-05-06 03:00:50,969 [INFO]   インデックス構築中: 11000 行完了
2026-05-06 03:00:54,133 [INFO]   インデックス構築中: 12000 行完了
2026-05-06 03:00:56,731 [INFO]   インデックス構築中: 13000 行完了
2026-05-06 03:00:59,631 [INFO]   インデックス構築中: 14000 行完了
2026-05-06 03:01:02,535 [INFO]   インデックス構築中: 15000 行完了
2026-05-06 03:01:05,633 [INFO]   インデックス構築中: 16000 行完了
2026-05-06 03:01:08,321 [INFO]   インデックス構築中: 17000 行完了
2026-05-06 03:01:11,246 [INFO]   インデックス構築中: 18000 行完了
2026-05-06 03:01:14,914 [INFO]   インデックス構築中: 19000 行完了
2026-05-06 03:01:17,787 [INFO]   インデックス構築中: 20000 行完了
2026-05-06 03:01:20,489 [INFO]   インデックス構築中: 21000 行完了
2026-05-06 03:01:23,181 [INFO]   インデックス構築中: 22000 行完了
2026-05-06 03:01:25,886 [INFO]   インデックス構築中: 23000 行完了
2026-05-06 03:01:28,372 [INFO]   インデックス構築中: 24000 行完了
2026-05-06 03:01:30,977 [INFO]   インデックス構築中: 25000 行完了
2026-05-06 03:01:33,155 [INFO]   インデックス構築中: 26000 行完了
2026-05-06 03:01:35,965 [INFO]   インデックス構築中: 27000 行完了
2026-05-06 03:01:39,238 [INFO]   インデックス構築中: 28000 行完了
2026-05-06 03:01:41,908 [INFO]   インデックス構築中: 29000 行完了
2026-05-06 03:01:43,560 [INFO]   インデックス構築中: 30000 行完了
2026-05-06 03:01:45,101 [INFO]   インデックス構築中: 31000 行完了
2026-05-06 03:01:46,616 [INFO]   インデックス構築中: 32000 行完了
2026-05-06 03:01:48,219 [INFO]   インデックス構築中: 33000 行完了
2026-05-06 03:01:49,952 [INFO]   インデックス構築中: 34000 行完了
2026-05-06 03:01:51,500 [INFO]   インデックス構築中: 35000 行完了
2026-05-06 03:01:53,085 [INFO]   インデックス構築中: 36000 行完了
2026-05-06 03:01:54,609 [INFO]   インデックス構築中: 37000 行完了
2026-05-06 03:01:56,130 [INFO]   インデックス構築中: 38000 行完了
2026-05-06 03:01:57,651 [INFO]   インデックス構築中: 39000 行完了
2026-05-06 03:01:59,237 [INFO]   インデックス構築中: 40000 行完了
2026-05-06 03:02:00,747 [INFO]   インデックス構築中: 41000 行完了
2026-05-06 03:02:02,319 [INFO]   インデックス構築中: 42000 行完了
2026-05-06 03:02:04,056 [INFO]   インデックス構築中: 43000 行完了
2026-05-06 03:02:05,679 [INFO]   インデックス構築中: 44000 行完了
2026-05-06 03:02:07,249 [INFO]   インデックス構築中: 45000 行完了
2026-05-06 03:02:08,839 [INFO]   インデックス構築中: 46000 行完了
2026-05-06 03:02:10,380 [INFO]   インデックス構築中: 47000 行完了
2026-05-06 03:02:11,975 [INFO]   インデックス構築中: 48000 行完了
2026-05-06 03:02:13,493 [INFO]   インデックス構築中: 49000 行完了
2026-05-06 03:02:15,044 [INFO]   インデックス構築中: 50000 行完了
2026-05-06 03:02:16,604 [INFO]   インデックス構築中: 51000 行完了
2026-05-06 03:02:18,157 [INFO]   インデックス構築中: 52000 行完了
2026-05-06 03:02:19,878 [INFO]   インデックス構築中: 53000 行完了
2026-05-06 03:02:21,439 [INFO]   インデックス構築中: 54000 行完了
2026-05-06 03:02:23,069 [INFO]   インデックス構築中: 55000 行完了
2026-05-06 03:02:24,688 [INFO]   インデックス構築中: 56000 行完了
2026-05-06 03:02:26,250 [INFO]   インデックス構築中: 57000 行完了
2026-05-06 03:02:27,829 [INFO]   インデックス構築中: 58000 行完了
2026-05-06 03:02:29,399 [INFO]   インデックス構築中: 59000 行完了
2026-05-06 03:02:30,940 [INFO]   インデックス構築中: 60000 行完了
2026-05-06 03:02:32,499 [INFO]   インデックス構築中: 61000 行完了
2026-05-06 03:02:34,041 [INFO]   インデックス構築中: 62000 行完了
2026-05-06 03:02:35,676 [INFO]   インデックス構築中: 63000 行完了
2026-05-06 03:02:37,432 [INFO]   インデックス構築中: 64000 行完了
2026-05-06 03:02:39,117 [INFO]   インデックス構築中: 65000 行完了
2026-05-06 03:02:41,144 [INFO]   インデックス構築中: 66000 行完了
2026-05-06 03:02:42,728 [INFO]   インデックス構築中: 67000 行完了
2026-05-06 03:02:44,322 [INFO]   インデックス構築中: 68000 行完了
2026-05-06 03:02:46,064 [INFO]   インデックス構築中: 69000 行完了
2026-05-06 03:02:47,921 [INFO]   インデックス構築中: 70000 行完了
2026-05-06 03:02:49,620 [INFO]   インデックス構築中: 71000 行完了
2026-05-06 03:02:51,290 [INFO]   インデックス構築中: 72000 行完了
2026-05-06 03:02:53,014 [INFO]   インデックス構築中: 73000 行完了
2026-05-06 03:02:54,804 [INFO]   インデックス構築中: 74000 行完了
2026-05-06 03:02:56,526 [INFO]   インデックス構築中: 75000 行完了
2026-05-06 03:02:58,159 [INFO]   インデックス構築中: 76000 行完了
2026-05-06 03:02:59,909 [INFO]   インデックス構築中: 77000 行完了
2026-05-06 03:03:01,675 [INFO]   インデックス構築中: 78000 行完了
2026-05-06 03:03:03,592 [INFO]   インデックス構築中: 79000 行完了
2026-05-06 03:03:05,350 [INFO]   インデックス構築中: 80000 行完了
2026-05-06 03:03:07,119 [INFO]   インデックス構築中: 81000 行完了
2026-05-06 03:03:09,025 [INFO]   インデックス構築中: 82000 行完了
2026-05-06 03:03:10,669 [INFO]   インデックス構築中: 83000 行完了
2026-05-06 03:03:12,329 [INFO]   インデックス構築中: 84000 行完了
2026-05-06 03:03:14,034 [INFO]   インデックス構築中: 85000 行完了
2026-05-06 03:03:15,906 [INFO]   インデックス構築中: 86000 行完了
2026-05-06 03:03:17,653 [INFO]   インデックス構築中: 87000 行完了
2026-05-06 03:03:19,808 [INFO]   インデックス構築中: 88000 行完了
2026-05-06 03:03:22,107 [INFO]   インデックス構築中: 89000 行完了
2026-05-06 03:03:24,297 [INFO]   インデックス構築中: 90000 行完了
2026-05-06 03:03:25,971 [INFO]   インデックス構築中: 91000 行完了
2026-05-06 03:03:27,786 [INFO]   インデックス構築中: 92000 行完了
2026-05-06 03:03:29,756 [INFO]   インデックス構築中: 93000 行完了
2026-05-06 03:03:31,516 [INFO]   インデックス構築中: 94000 行完了
2026-05-06 03:03:33,253 [INFO]   インデックス構築中: 95000 行完了
2026-05-06 03:03:34,913 [INFO]   インデックス構築中: 96000 行完了
2026-05-06 03:03:36,645 [INFO]   インデックス構築中: 97000 行完了
2026-05-06 03:03:38,408 [INFO]   インデックス構築中: 98000 行完了
2026-05-06 03:03:40,163 [INFO]   インデックス構築中: 99000 行完了
2026-05-06 03:03:42,441 [INFO]   インデックス構築中: 100000 行完了
2026-05-06 03:03:44,317 [INFO]   インデックス構築中: 101000 行完了
2026-05-06 03:03:46,495 [INFO]   インデックス構築中: 102000 行完了
2026-05-06 03:03:49,739 [INFO]   インデックス構築中: 103000 行完了
2026-05-06 03:03:53,133 [INFO]   インデックス構築中: 104000 行完了
2026-05-06 03:03:56,044 [INFO]   インデックス構築中: 105000 行完了
2026-05-06 03:03:59,314 [INFO]   インデックス構築中: 106000 行完了
2026-05-06 03:04:02,943 [INFO]   インデックス構築中: 107000 行完了
2026-05-06 03:04:06,583 [INFO]   インデックス構築中: 108000 行完了
2026-05-06 03:04:09,933 [INFO]   インデックス構築中: 109000 行完了
2026-05-06 03:04:13,479 [INFO]   インデックス構築中: 110000 行完了
2026-05-06 03:04:16,824 [INFO]   インデックス構築中: 111000 行完了
2026-05-06 03:04:18,786 [INFO]   インデックス構築中: 112000 行完了
2026-05-06 03:04:20,449 [INFO]   インデックス構築中: 113000 行完了
2026-05-06 03:04:22,049 [INFO]   インデックス構築中: 114000 行完了
2026-05-06 03:04:23,700 [INFO]   インデックス構築中: 115000 行完了
2026-05-06 03:04:25,251 [INFO]   インデックス構築中: 116000 行完了
2026-05-06 03:04:26,889 [INFO]   インデックス構築中: 117000 行完了
2026-05-06 03:04:28,442 [INFO]   インデックス構築中: 118000 行完了
2026-05-06 03:04:30,319 [INFO]   インデックス構築中: 119000 行完了
2026-05-06 03:04:32,306 [INFO]   インデックス構築中: 120000 行完了
2026-05-06 03:04:33,882 [INFO]   インデックス構築中: 121000 行完了
2026-05-06 03:04:35,505 [INFO]   インデックス構築中: 122000 行完了
2026-05-06 03:04:37,151 [INFO]   インデックス構築中: 123000 行完了
2026-05-06 03:04:38,786 [INFO]   インデックス構築中: 124000 行完了
2026-05-06 03:04:40,411 [INFO]   インデックス構築中: 125000 行完了
2026-05-06 03:04:42,121 [INFO]   インデックス構築中: 126000 行完了
2026-05-06 03:04:43,702 [INFO]   インデックス構築中: 127000 行完了
2026-05-06 03:04:45,550 [INFO]   インデックス構築中: 128000 行完了
2026-05-06 03:04:47,330 [INFO]   インデックス構築中: 129000 行完了
2026-05-06 03:04:48,852 [INFO]   インデックス構築中: 130000 行完了
2026-05-06 03:04:50,397 [INFO]   インデックス構築中: 131000 行完了
2026-05-06 03:04:51,923 [INFO]   インデックス構築中: 132000 行完了
2026-05-06 03:04:53,540 [INFO]   インデックス構築中: 133000 行完了
2026-05-06 03:04:55,092 [INFO]   インデックス構築中: 134000 行完了
2026-05-06 03:04:56,673 [INFO]   インデックス構築中: 135000 行完了
2026-05-06 03:04:58,751 [INFO]   インデックス構築中: 136000 行完了
2026-05-06 03:05:00,773 [INFO]   インデックス構築中: 137000 行完了
2026-05-06 03:05:03,933 [INFO]   インデックス構築中: 138000 行完了
2026-05-06 03:05:06,120 [INFO]   インデックス構築中: 139000 行完了
2026-05-06 03:05:08,401 [INFO]   インデックス構築中: 140000 行完了
2026-05-06 03:05:11,648 [INFO]   インデックス構築中: 141000 行完了
2026-05-06 03:05:15,273 [INFO]   インデックス構築中: 142000 行完了
2026-05-06 03:05:19,916 [INFO]   インデックス構築中: 143000 行完了
2026-05-06 03:05:22,130 [INFO]   インデックス構築中: 144000 行完了
2026-05-06 03:05:25,094 [INFO]   インデックス構築中: 145000 行完了
2026-05-06 03:05:28,522 [INFO]   インデックス構築中: 146000 行完了
2026-05-06 03:05:31,879 [INFO]   インデックス構築中: 147000 行完了
2026-05-06 03:05:34,808 [INFO]   インデックス構築中: 148000 行完了
2026-05-06 03:05:36,937 [INFO]   インデックス構築中: 149000 行完了
2026-05-06 03:05:39,201 [INFO]   インデックス構築中: 150000 行完了
2026-05-06 03:05:41,513 [INFO]   インデックス構築中: 151000 行完了
2026-05-06 03:05:43,983 [INFO]   インデックス構築中: 152000 行完了
2026-05-06 03:05:47,017 [INFO]   インデックス構築中: 153000 行完了
2026-05-06 03:05:50,057 [INFO]   インデックス構築中: 154000 行完了
2026-05-06 03:05:51,985 [INFO]   インデックス構築中: 155000 行完了
2026-05-06 03:05:53,916 [INFO]   インデックス構築中: 156000 行完了
2026-05-06 03:05:55,827 [INFO]   インデックス構築中: 157000 行完了
2026-05-06 03:05:58,506 [INFO]   インデックス構築中: 158000 行完了
2026-05-06 03:06:01,130 [INFO]   インデックス構築中: 159000 行完了
2026-05-06 03:06:03,254 [INFO]   インデックス構築中: 160000 行完了
2026-05-06 03:06:05,148 [INFO]   インデックス構築中: 161000 行完了
2026-05-06 03:06:07,045 [INFO]   インデックス構築中: 162000 行完了
2026-05-06 03:06:09,862 [INFO]   インデックス構築中: 163000 行完了
2026-05-06 03:06:12,215 [INFO]   インデックス構築中: 164000 行完了
2026-05-06 03:06:14,338 [INFO]   インデックス構築中: 165000 行完了
2026-05-06 03:06:16,337 [INFO]   インデックス構築中: 166000 行完了
2026-05-06 03:06:18,385 [INFO]   インデックス構築中: 167000 行完了
2026-05-06 03:06:22,158 [INFO]   インデックス構築中: 168000 行完了
2026-05-06 03:06:25,490 [INFO]   インデックス構築中: 169000 行完了
2026-05-06 03:06:27,572 [INFO]   インデックス構築中: 170000 行完了
2026-05-06 03:06:29,694 [INFO]   インデックス構築中: 171000 行完了
2026-05-06 03:06:34,680 [INFO]   インデックス構築中: 172000 行完了
2026-05-06 03:06:36,998 [INFO]   インデックス構築中: 173000 行完了
2026-05-06 03:06:39,143 [INFO]   インデックス構築中: 174000 行完了
2026-05-06 03:06:41,242 [INFO]   インデックス構築中: 175000 行完了
2026-05-06 03:06:43,165 [INFO]   インデックス構築中: 176000 行完了
2026-05-06 03:06:45,049 [INFO]   インデックス構築中: 177000 行完了
2026-05-06 03:06:46,946 [INFO]   インデックス構築中: 178000 行完了
2026-05-06 03:06:48,887 [INFO]   インデックス構築中: 179000 行完了
2026-05-06 03:06:50,891 [INFO]   インデックス構築中: 180000 行完了
2026-05-06 03:06:52,809 [INFO]   インデックス構築中: 181000 行完了
2026-05-06 03:06:54,917 [INFO]   インデックス構築中: 182000 行完了
2026-05-06 03:06:57,944 [INFO]   インデックス構築中: 183000 行完了
2026-05-06 03:07:00,096 [INFO]   インデックス構築中: 184000 行完了
2026-05-06 03:07:02,251 [INFO]   インデックス構築中: 185000 行完了
2026-05-06 03:07:05,415 [INFO]   インデックス構築中: 186000 行完了
2026-05-06 03:07:08,746 [INFO]   インデックス構築中: 187000 行完了
2026-05-06 03:07:10,954 [INFO]   インデックス構築中: 188000 行完了
2026-05-06 03:07:13,165 [INFO]   インデックス構築中: 189000 行完了
2026-05-06 03:07:15,677 [INFO]   インデックス構築中: 190000 行完了
2026-05-06 03:07:19,951 [INFO]   インデックス構築中: 191000 行完了
2026-05-06 03:07:22,235 [INFO]   インデックス構築中: 192000 行完了
2026-05-06 03:07:24,391 [INFO]   インデックス構築中: 193000 行完了
2026-05-06 03:07:26,476 [INFO]   インデックス構築中: 194000 行完了
2026-05-06 03:07:28,618 [INFO]   インデックス構築中: 195000 行完了
2026-05-06 03:07:32,975 [INFO]   インデックス構築中: 196000 行完了
2026-05-06 03:07:35,332 [INFO]   インデックス構築中: 197000 行完了
2026-05-06 03:07:37,548 [INFO]   インデックス構築中: 198000 行完了
2026-05-06 03:07:40,371 [INFO]   インデックス構築中: 199000 行完了
2026-05-06 03:07:42,858 [INFO]   インデックス構築中: 200000 行完了
2026-05-06 03:07:46,029 [INFO]   インデックス構築中: 201000 行完了
2026-05-06 03:07:48,306 [INFO]   インデックス構築中: 202000 行完了
2026-05-06 03:07:51,775 [INFO]   インデックス構築中: 203000 行完了
2026-05-06 03:07:54,272 [INFO]   インデックス構築中: 204000 行完了
2026-05-06 03:07:57,017 [INFO]   インデックス構築中: 205000 行完了
2026-05-06 03:07:59,729 [INFO]   インデックス構築中: 206000 行完了
2026-05-06 03:08:03,267 [INFO]   インデックス構築中: 207000 行完了
2026-05-06 03:08:05,831 [INFO]   インデックス構築中: 208000 行完了
2026-05-06 03:08:09,154 [INFO]   インデックス構築中: 209000 行完了
2026-05-06 03:08:11,396 [INFO]   インデックス構築中: 210000 行完了
2026-05-06 03:08:14,628 [INFO]   インデックス構築中: 211000 行完了
2026-05-06 03:08:19,558 [INFO]   インデックス構築中: 212000 行完了
2026-05-06 03:08:25,949 [INFO]   インデックス構築中: 213000 行完了
2026-05-06 03:08:30,875 [INFO]   インデックス構築中: 214000 行完了
2026-05-06 03:08:34,719 [INFO]   インデックス構築中: 215000 行完了
2026-05-06 03:08:37,240 [INFO]   インデックス構築中: 216000 行完了
2026-05-06 03:08:39,110 [INFO]   インデックス構築中: 217000 行完了
2026-05-06 03:08:41,320 [INFO]   インデックス構築中: 218000 行完了
2026-05-06 03:08:44,252 [INFO]   インデックス構築中: 219000 行完了
2026-05-06 03:08:46,607 [INFO]   インデックス構築中: 220000 行完了
2026-05-06 03:08:48,568 [INFO]   インデックス構築中: 221000 行完了
2026-05-06 03:08:50,536 [INFO]   インデックス構築中: 222000 行完了
2026-05-06 03:08:52,513 [INFO]   インデックス構築中: 223000 行完了
2026-05-06 03:08:54,413 [INFO]   インデックス構築中: 224000 行完了
2026-05-06 03:08:56,288 [INFO]   インデックス構築中: 225000 行完了
2026-05-06 03:08:58,246 [INFO]   インデックス構築中: 226000 行完了
2026-05-06 03:09:00,780 [INFO]   インデックス構築中: 227000 行完了
2026-05-06 03:09:03,492 [INFO]   インデックス構築中: 228000 行完了
2026-05-06 03:09:06,185 [INFO]   インデックス構築中: 229000 行完了
2026-05-06 03:09:08,882 [INFO]   インデックス構築中: 230000 行完了
2026-05-06 03:09:11,603 [INFO]   インデックス構築中: 231000 行完了
2026-05-06 03:09:14,238 [INFO]   インデックス構築中: 232000 行完了
2026-05-06 03:09:16,991 [INFO]   インデックス構築中: 233000 行完了
2026-05-06 03:09:19,705 [INFO]   インデックス構築中: 234000 行完了
2026-05-06 03:09:22,321 [INFO]   インデックス構築中: 235000 行完了
2026-05-06 03:09:24,953 [INFO]   インデックス構築中: 236000 行完了
2026-05-06 03:09:27,547 [INFO]   インデックス構築中: 237000 行完了
2026-05-06 03:09:30,657 [INFO]   インデックス構築中: 238000 行完了
2026-05-06 03:09:34,057 [INFO]   インデックス構築中: 239000 行完了
2026-05-06 03:09:37,733 [INFO]   インデックス構築中: 240000 行完了
2026-05-06 03:09:41,703 [INFO]   インデックス構築中: 241000 行完了
2026-05-06 03:09:45,014 [INFO]   インデックス構築中: 242000 行完了
2026-05-06 03:09:47,907 [INFO]   インデックス構築中: 243000 行完了
2026-05-06 03:09:51,746 [INFO]   インデックス構築中: 244000 行完了
2026-05-06 03:09:56,067 [INFO]   インデックス構築中: 245000 行完了
2026-05-06 03:10:00,158 [INFO]   インデックス構築中: 246000 行完了
2026-05-06 03:10:04,494 [INFO]   インデックス構築中: 247000 行完了
2026-05-06 03:10:09,070 [INFO]   インデックス構築中: 248000 行完了
2026-05-06 03:10:14,185 [INFO]   インデックス構築中: 249000 行完了
2026-05-06 03:10:18,495 [INFO]   インデックス構築中: 250000 行完了
2026-05-06 03:10:22,663 [INFO]   インデックス構築中: 251000 行完了
2026-05-06 03:10:26,505 [INFO]   インデックス構築中: 252000 行完了
2026-05-06 03:10:30,675 [INFO]   インデックス構築中: 253000 行完了
2026-05-06 03:10:34,409 [INFO]   インデックス構築中: 254000 行完了
2026-05-06 03:10:38,189 [INFO]   インデックス構築中: 255000 行完了
2026-05-06 03:10:41,922 [INFO]   インデックス構築中: 256000 行完了
2026-05-06 03:10:45,960 [INFO]   インデックス構築中: 257000 行完了
2026-05-06 03:10:49,779 [INFO]   インデックス構築中: 258000 行完了
2026-05-06 03:10:52,941 [INFO]   インデックス構築中: 259000 行完了
2026-05-06 03:10:55,653 [INFO]   インデックス構築中: 260000 行完了
2026-05-06 03:10:58,158 [INFO]   インデックス構築中: 261000 行完了
2026-05-06 03:11:00,832 [INFO]   インデックス構築中: 262000 行完了
2026-05-06 03:11:02,860 [INFO]   インデックス構築中: 263000 行完了
2026-05-06 03:11:05,466 [INFO]   インデックス構築中: 264000 行完了
2026-05-06 03:11:08,144 [INFO]   インデックス構築中: 265000 行完了
2026-05-06 03:11:10,784 [INFO]   インデックス構築中: 266000 行完了
2026-05-06 03:11:13,418 [INFO]   インデックス構築中: 267000 行完了
2026-05-06 03:11:15,781 [INFO]   インデックス構築中: 268000 行完了
2026-05-06 03:11:18,039 [INFO]   インデックス構築中: 269000 行完了
2026-05-06 03:11:20,781 [INFO]   インデックス構築中: 270000 行完了
2026-05-06 03:11:23,438 [INFO]   インデックス構築中: 271000 行完了
2026-05-06 03:11:26,743 [INFO]   インデックス構築中: 272000 行完了
2026-05-06 03:11:30,071 [INFO]   インデックス構築中: 273000 行完了
2026-05-06 03:11:33,130 [INFO]   インデックス構築中: 274000 行完了
2026-05-06 03:11:35,972 [INFO]   インデックス構築中: 275000 行完了
2026-05-06 03:11:39,180 [INFO]   インデックス構築中: 276000 行完了
2026-05-06 03:11:42,406 [INFO]   インデックス構築中: 277000 行完了
2026-05-06 03:11:45,707 [INFO]   インデックス構築中: 278000 行完了
2026-05-06 03:11:48,957 [INFO]   インデックス構築中: 279000 行完了
2026-05-06 03:11:51,781 [INFO]   インデックス構築中: 280000 行完了
2026-05-06 03:11:54,694 [INFO]   インデックス構築中: 281000 行完了
2026-05-06 03:11:57,975 [INFO]   インデックス構築中: 282000 行完了
2026-05-06 03:12:01,183 [INFO]   インデックス構築中: 283000 行完了
2026-05-06 03:12:04,329 [INFO]   インデックス構築中: 284000 行完了
2026-05-06 03:12:07,600 [INFO]   インデックス構築中: 285000 行完了
2026-05-06 03:12:11,036 [INFO]   インデックス構築中: 286000 行完了
2026-05-06 03:12:14,409 [INFO]   インデックス構築中: 287000 行完了
2026-05-06 03:12:17,931 [INFO]   インデックス構築中: 288000 行完了
2026-05-06 03:12:21,282 [INFO]   インデックス構築中: 289000 行完了
2026-05-06 03:12:24,669 [INFO]   インデックス構築中: 290000 行完了
2026-05-06 03:12:27,308 [INFO]   インデックス構築中: 291000 行完了
2026-05-06 03:12:29,793 [INFO]   インデックス構築中: 292000 行完了
2026-05-06 03:12:32,338 [INFO]   インデックス構築中: 293000 行完了
2026-05-06 03:12:34,811 [INFO]   インデックス構築中: 294000 行完了
2026-05-06 03:12:37,247 [INFO]   インデックス構築中: 295000 行完了
2026-05-06 03:12:39,623 [INFO]   インデックス構築中: 296000 行完了
2026-05-06 03:12:42,086 [INFO]   インデックス構築中: 297000 行完了
2026-05-06 03:12:44,628 [INFO]   インデックス構築中: 298000 行完了
2026-05-06 03:12:47,412 [INFO]   インデックス構築中: 299000 行完了
2026-05-06 03:12:49,862 [INFO]   インデックス構築中: 300000 行完了
2026-05-06 03:12:52,357 [INFO]   インデックス構築中: 301000 行完了
2026-05-06 03:12:55,066 [INFO]   インデックス構築中: 302000 行完了
2026-05-06 03:12:57,553 [INFO]   インデックス構築中: 303000 行完了
2026-05-06 03:13:00,426 [INFO]   インデックス構築中: 304000 行完了
2026-05-06 03:13:03,317 [INFO]   インデックス構築中: 305000 行完了
2026-05-06 03:13:06,250 [INFO]   インデックス構築中: 306000 行完了
2026-05-06 03:13:08,701 [INFO]   インデックス構築中: 307000 行完了
2026-05-06 03:13:11,330 [INFO]   インデックス構築中: 308000 行完了
2026-05-06 03:13:14,235 [INFO]   インデックス構築中: 309000 行完了
2026-05-06 03:13:17,068 [INFO]   インデックス構築中: 310000 行完了
2026-05-06 03:13:19,666 [INFO]   インデックス構築中: 311000 行完了
2026-05-06 03:13:22,325 [INFO]   インデックス構築中: 312000 行完了
2026-05-06 03:13:25,276 [INFO]   インデックス構築中: 313000 行完了
2026-05-06 03:13:28,094 [INFO]   インデックス構築中: 314000 行完了
2026-05-06 03:13:30,717 [INFO]   インデックス構築中: 315000 行完了
2026-05-06 03:13:33,885 [INFO]   インデックス構築中: 316000 行完了
2026-05-06 03:13:36,362 [INFO]   インデックス構築中: 317000 行完了
2026-05-06 03:13:38,742 [INFO]   インデックス構築中: 318000 行完了
2026-05-06 03:13:41,238 [INFO]   インデックス構築中: 319000 行完了
2026-05-06 03:13:43,846 [INFO]   インデックス構築中: 320000 行完了
2026-05-06 03:13:46,896 [INFO]   インデックス構築中: 321000 行完了
2026-05-06 03:13:49,741 [INFO]   インデックス構築中: 322000 行完了
2026-05-06 03:13:52,208 [INFO]   インデックス構築中: 323000 行完了
2026-05-06 03:13:54,915 [INFO]   インデックス構築中: 324000 行完了
2026-05-06 03:13:57,636 [INFO]   インデックス構築中: 325000 行完了
2026-05-06 03:14:00,104 [INFO]   インデックス構築中: 326000 行完了
2026-05-06 03:14:02,624 [INFO]   インデックス構築中: 327000 行完了
2026-05-06 03:14:05,084 [INFO]   インデックス構築中: 328000 行完了
2026-05-06 03:14:07,641 [INFO]   インデックス構築中: 329000 行完了
2026-05-06 03:14:10,167 [INFO]   インデックス構築中: 330000 行完了
2026-05-06 03:14:12,601 [INFO]   インデックス構築中: 331000 行完了
2026-05-06 03:14:14,983 [INFO]   インデックス構築中: 332000 行完了
2026-05-06 03:14:17,422 [INFO]   インデックス構築中: 333000 行完了
2026-05-06 03:14:19,902 [INFO]   インデックス構築中: 334000 行完了
2026-05-06 03:14:22,355 [INFO]   インデックス構築中: 335000 行完了
2026-05-06 03:14:24,792 [INFO]   インデックス構築中: 336000 行完了
2026-05-06 03:14:27,190 [INFO]   インデックス構築中: 337000 行完了
2026-05-06 03:14:29,702 [INFO]   インデックス構築中: 338000 行完了
2026-05-06 03:14:32,291 [INFO]   インデックス構築中: 339000 行完了
2026-05-06 03:14:35,095 [INFO]   インデックス構築中: 340000 行完了
2026-05-06 03:14:38,232 [INFO]   インデックス構築中: 341000 行完了
2026-05-06 03:14:40,812 [INFO]   インデックス構築中: 342000 行完了
2026-05-06 03:14:43,351 [INFO]   インデックス構築中: 343000 行完了
2026-05-06 03:14:45,824 [INFO]   インデックス構築中: 344000 行完了
2026-05-06 03:14:48,315 [INFO]   インデックス構築中: 345000 行完了
2026-05-06 03:14:50,817 [INFO]   インデックス構築中: 346000 行完了
2026-05-06 03:14:53,328 [INFO]   インデックス構築中: 347000 行完了
2026-05-06 03:14:55,852 [INFO]   インデックス構築中: 348000 行完了
2026-05-06 03:14:58,403 [INFO]   インデックス構築中: 349000 行完了
2026-05-06 03:15:00,872 [INFO]   インデックス構築中: 350000 行完了
2026-05-06 03:15:03,469 [INFO]   インデックス構築中: 351000 行完了
2026-05-06 03:15:06,169 [INFO]   インデックス構築中: 352000 行完了
2026-05-06 03:15:08,751 [INFO]   インデックス構築中: 353000 行完了
2026-05-06 03:15:11,211 [INFO]   インデックス構築中: 354000 行完了
2026-05-06 03:15:13,663 [INFO]   インデックス構築中: 355000 行完了
2026-05-06 03:15:16,084 [INFO]   インデックス構築中: 356000 行完了
2026-05-06 03:15:18,751 [INFO]   インデックス構築中: 357000 行完了
2026-05-06 03:15:21,601 [INFO]   インデックス構築中: 358000 行完了
2026-05-06 03:15:24,226 [INFO]   インデックス構築中: 359000 行完了
2026-05-06 03:15:26,857 [INFO]   インデックス構築中: 360000 行完了
2026-05-06 03:15:29,428 [INFO]   インデックス構築中: 361000 行完了
2026-05-06 03:15:32,035 [INFO]   インデックス構築中: 362000 行完了
2026-05-06 03:15:34,773 [INFO]   インデックス構築中: 363000 行完了
2026-05-06 03:15:37,754 [INFO]   インデックス構築中: 364000 行完了
2026-05-06 03:15:40,488 [INFO]   インデックス構築中: 365000 行完了
2026-05-06 03:15:43,296 [INFO]   インデックス構築中: 366000 行完了
2026-05-06 03:15:46,168 [INFO]   インデックス構築中: 367000 行完了
2026-05-06 03:15:48,716 [INFO]   インデックス構築中: 368000 行完了
2026-05-06 03:15:51,308 [INFO]   インデックス構築中: 369000 行完了
2026-05-06 03:15:54,091 [INFO]   インデックス構築中: 370000 行完了
2026-05-06 03:15:58,015 [INFO]   インデックス構築中: 371000 行完了
2026-05-06 03:16:01,476 [INFO]   インデックス構築中: 372000 行完了
2026-05-06 03:16:04,834 [INFO]   インデックス構築中: 373000 行完了
2026-05-06 03:16:08,056 [INFO]   インデックス構築中: 374000 行完了
2026-05-06 03:16:11,391 [INFO]   インデックス構築中: 375000 行完了
2026-05-06 03:16:14,837 [INFO]   インデックス構築中: 376000 行完了
2026-05-06 03:16:18,348 [INFO]   インデックス構築中: 377000 行完了
2026-05-06 03:16:22,104 [INFO]   インデックス構築中: 378000 行完了
2026-05-06 03:16:25,141 [INFO]   インデックス構築中: 379000 行完了
2026-05-06 03:16:28,581 [INFO]   インデックス構築中: 380000 行完了
2026-05-06 03:16:32,077 [INFO]   インデックス構築中: 381000 行完了
2026-05-06 03:16:35,688 [INFO]   インデックス構築中: 382000 行完了
2026-05-06 03:16:39,215 [INFO]   インデックス構築中: 383000 行完了
2026-05-06 03:16:42,507 [INFO]   インデックス構築中: 384000 行完了
2026-05-06 03:16:46,063 [INFO]   インデックス構築中: 385000 行完了
2026-05-06 03:16:49,719 [INFO]   インデックス構築中: 386000 行完了
2026-05-06 03:16:53,054 [INFO]   インデックス構築中: 387000 行完了
2026-05-06 03:16:56,577 [INFO]   インデックス構築中: 388000 行完了
2026-05-06 03:16:59,998 [INFO]   インデックス構築中: 389000 行完了
2026-05-06 03:17:04,045 [INFO]   インデックス構築中: 390000 行完了
2026-05-06 03:17:07,657 [INFO]   インデックス構築中: 391000 行完了
2026-05-06 03:17:11,442 [INFO]   インデックス構築中: 392000 行完了
2026-05-06 03:17:14,867 [INFO]   インデックス構築中: 393000 行完了
2026-05-06 03:17:18,618 [INFO]   インデックス構築中: 394000 行完了
2026-05-06 03:17:22,325 [INFO]   インデックス構築中: 395000 行完了
2026-05-06 03:17:25,929 [INFO]   インデックス構築中: 396000 行完了
2026-05-06 03:17:29,417 [INFO]   インデックス構築中: 397000 行完了
2026-05-06 03:17:32,934 [INFO]   インデックス構築中: 398000 行完了
2026-05-06 03:17:36,610 [INFO]   インデックス構築中: 399000 行完了
2026-05-06 03:17:39,990 [INFO]   インデックス構築中: 400000 行完了
2026-05-06 03:17:43,307 [INFO]   インデックス構築中: 401000 行完了
2026-05-06 03:17:46,803 [INFO]   インデックス構築中: 402000 行完了
2026-05-06 03:17:50,229 [INFO]   インデックス構築中: 403000 行完了
2026-05-06 03:17:53,783 [INFO]   インデックス構築中: 404000 行完了
2026-05-06 03:17:57,411 [INFO]   インデックス構築中: 405000 行完了
2026-05-06 03:18:00,959 [INFO]   インデックス構築中: 406000 行完了
2026-05-06 03:18:04,136 [INFO]   インデックス構築中: 407000 行完了
2026-05-06 03:18:07,660 [INFO]   インデックス構築中: 408000 行完了
2026-05-06 03:18:11,463 [INFO]   インデックス構築中: 409000 行完了
2026-05-06 03:18:14,888 [INFO]   インデックス構築中: 410000 行完了
2026-05-06 03:18:18,419 [INFO]   インデックス構築中: 411000 行完了
2026-05-06 03:18:21,974 [INFO]   インデックス構築中: 412000 行完了
2026-05-06 03:18:25,621 [INFO]   インデックス構築中: 413000 行完了
2026-05-06 03:18:29,192 [INFO]   インデックス構築中: 414000 行完了
2026-05-06 03:18:32,632 [INFO]   インデックス構築中: 415000 行完了
2026-05-06 03:18:36,079 [INFO]   インデックス構築中: 416000 行完了
2026-05-06 03:18:39,456 [INFO]   インデックス構築中: 417000 行完了
2026-05-06 03:18:42,583 [INFO]   インデックス構築中: 418000 行完了
2026-05-06 03:18:46,084 [INFO]   インデックス構築中: 419000 行完了
2026-05-06 03:18:49,667 [INFO]   インデックス構築中: 420000 行完了
2026-05-06 03:18:53,185 [INFO]   インデックス構築中: 421000 行完了
2026-05-06 03:18:56,891 [INFO]   インデックス構築中: 422000 行完了
2026-05-06 03:19:00,376 [INFO]   インデックス構築中: 423000 行完了
2026-05-06 03:19:03,547 [INFO]   インデックス構築中: 424000 行完了
2026-05-06 03:19:07,026 [INFO]   インデックス構築中: 425000 行完了
2026-05-06 03:19:10,845 [INFO]   インデックス構築中: 426000 行完了
2026-05-06 03:19:14,684 [INFO]   インデックス構築中: 427000 行完了
2026-05-06 03:19:18,663 [INFO]   インデックス構築中: 428000 行完了
2026-05-06 03:19:22,675 [INFO]   インデックス構築中: 429000 行完了
2026-05-06 03:19:25,798 [INFO]   インデックス構築中: 430000 行完了
2026-05-06 03:19:29,217 [INFO]   インデックス構築中: 431000 行完了
2026-05-06 03:19:32,735 [INFO]   インデックス構築中: 432000 行完了
2026-05-06 03:19:36,180 [INFO]   インデックス構築中: 433000 行完了
2026-05-06 03:19:39,728 [INFO]   インデックス構築中: 434000 行完了
2026-05-06 03:19:42,955 [INFO]   インデックス構築中: 435000 行完了
2026-05-06 03:19:46,526 [INFO]   インデックス構築中: 436000 行完了
2026-05-06 03:19:50,165 [INFO]   インデックス構築中: 437000 行完了
2026-05-06 03:19:53,623 [INFO]   インデックス構築中: 438000 行完了
2026-05-06 03:19:57,338 [INFO]   インデックス構築中: 439000 行完了
2026-05-06 03:20:01,008 [INFO]   インデックス構築中: 440000 行完了
2026-05-06 03:20:04,374 [INFO]   インデックス構築中: 441000 行完了
2026-05-06 03:20:08,601 [INFO]   インデックス構築中: 442000 行完了
2026-05-06 03:20:12,174 [INFO]   インデックス構築中: 443000 行完了
2026-05-06 03:20:15,686 [INFO]   インデックス構築中: 444000 行完了
2026-05-06 03:20:19,196 [INFO]   インデックス構築中: 445000 行完了
2026-05-06 03:20:22,377 [INFO]   インデックス構築中: 446000 行完了
2026-05-06 03:20:25,731 [INFO]   インデックス構築中: 447000 行完了
2026-05-06 03:20:29,193 [INFO]   インデックス構築中: 448000 行完了
2026-05-06 03:20:32,596 [INFO]   インデックス構築中: 449000 行完了
2026-05-06 03:20:36,075 [INFO]   インデックス構築中: 450000 行完了
2026-05-06 03:20:39,431 [INFO]   インデックス構築中: 451000 行完了
2026-05-06 03:20:42,469 [INFO]   インデックス構築中: 452000 行完了
2026-05-06 03:20:46,057 [INFO]   インデックス構築中: 453000 行完了
2026-05-06 03:20:49,843 [INFO]   インデックス構築中: 454000 行完了
2026-05-06 03:20:53,298 [INFO]   インデックス構築中: 455000 行完了
2026-05-06 03:20:56,728 [INFO]   インデックス構築中: 456000 行完了
2026-05-06 03:20:59,724 [INFO]   インデックス構築中: 457000 行完了
2026-05-06 03:21:03,027 [INFO]   インデックス構築中: 458000 行完了
2026-05-06 03:21:06,440 [INFO]   インデックス構築中: 459000 行完了
2026-05-06 03:21:09,843 [INFO]   インデックス構築中: 460000 行完了
2026-05-06 03:21:12,468 [INFO] RAG インデックス構築完了: indexed=460768 skipped=0 backend=json
2026-05-06 03:21:14,494 [INFO] rag_index 完了: {'indexed': 460768, 'skipped': 0, 'csv_rows': 460768, 'backend': 'json'}
