2026-05-03 18:48:04,999 [INFO] ============================================================
2026-05-03 18:48:04,999 [INFO] うまなり地蔵AI 週次バッチ起動
2026-05-03 18:48:04,999 [INFO]   TRACE_ID : 30fa3227-875e-4a40-875a-1e9e04bccd64
2026-05-03 18:48:04,999 [INFO]   RUN_TAG  : weekly_20260503_30fa3227
2026-05-03 18:48:04,999 [INFO]   開始時刻 : 2026-05-03T09:48:04.999740+00:00
2026-05-03 18:48:04,999 [INFO] ============================================================
2026-05-03 18:48:05,288 [INFO] [AUDIT] start agent=ops-agent run_tag=weekly_20260503_30fa3227
2026-05-03 18:48:05,479 [INFO] [ops-agent] ヘルスチェック完了: ok=True alerts=1
2026-05-03 18:48:05,480 [WARNING] [ops-agent] ALERT: モデルファイル問題: model_v8.pkl が存在しません
2026-05-03 18:48:05,526 [INFO] [AUDIT] success agent=ops-agent run_tag=weekly_20260503_30fa3227
2026-05-03 18:48:05,526 [INFO] [OPS] ヘルスチェック OK
2026-05-03 18:48:05,527 [INFO] 実行順序: ['weekly_train', 'weekly_rag_rebuild', 'weekly_upsetscore', 'weekly_monitor']
2026-05-03 18:48:05,527 [INFO]   [DRY-RUN] skip: 11_weekly_train.py
2026-05-03 18:48:05,527 [INFO]   [DRY-RUN] skip: 10_rag_index.py
2026-05-03 18:48:05,527 [INFO]   [DRY-RUN] skip: 08_upsetscore.py
2026-05-03 18:48:05,527 [INFO]   [DRY-RUN] skip: 09_monitor.py
2026-05-03 18:48:05,527 [INFO] ============================================================
2026-05-03 18:48:05,527 [INFO] [OK] 週次バッチ全ステージ正常完了
2026-05-03 18:48:05,527 [INFO] 終了時刻: 2026-05-03T09:48:05.527920+00:00
2026-05-03 18:48:05,527 [INFO] ログ: D:\keiba_ai\pipeline_v2\logs\orchestrator_weekly_20260503.log
2026-05-03 18:48:05,528 [INFO] ============================================================
