2026-05-02 07:10:20,259 [INFO] ============================================================
2026-05-02 07:10:20,259 [INFO] うまなり地蔵AI パイプライン起動
2026-05-02 07:10:20,259 [INFO]   TRACE_ID : eca2327f-9550-4dce-a0ea-63cc199521ac
2026-05-02 07:10:20,259 [INFO]   RUN_TAG  : run_20260502_eca2327f
2026-05-02 07:10:20,259 [INFO]   開始時刻 : 2026-05-01T22:10:20.259941+00:00
2026-05-02 07:10:20,259 [INFO] ============================================================
2026-05-02 07:10:20,264 [INFO] 実行順序: ['ingest', 'normalize', 'feature_gen', 'batch_inference', 'explain', 'upsetscore', 'publish', 'trade', 'monitor']
2026-05-02 07:10:20,264 [INFO] ▶ ステージ開始: ingest  (01_ingest.py)
2026-05-02 07:10:20,314 [INFO]   ✅ ingest 完了
2026-05-02 07:10:20,314 [INFO] ▶ ステージ開始: normalize  (02_normalize.py)
2026-05-02 07:10:20,346 [INFO]   ✅ normalize 完了
2026-05-02 07:10:20,346 [INFO] ▶ ステージ開始: feature_gen  (03_feature_gen.py)
2026-05-02 07:10:20,373 [INFO]   ✅ feature_gen 完了
2026-05-02 07:10:20,373 [INFO] ▶ ステージ開始: batch_inference  (04_batch_inference.py)
2026-05-02 07:10:20,401 [INFO]   ✅ batch_inference 完了
2026-05-02 07:10:20,401 [INFO] ▶ ステージ開始: explain  (05_explain.py)
2026-05-02 07:10:20,429 [INFO]   ✅ explain 完了
2026-05-02 07:10:20,429 [INFO] ▶ ステージ開始: upsetscore  (08_upsetscore.py)
2026-05-02 07:10:20,457 [INFO]   ✅ upsetscore 完了
2026-05-02 07:10:20,457 [INFO] ▶ ステージ開始: publish  (06_publish.py)
2026-05-02 07:10:20,486 [INFO]   ✅ publish 完了
2026-05-02 07:10:20,486 [INFO] ▶ ステージ開始: trade  (07_trade.py)
2026-05-02 07:10:20,512 [INFO]   ✅ trade 完了
2026-05-02 07:10:20,512 [INFO] ▶ ステージ開始: monitor  (09_monitor.py)
2026-05-02 07:10:20,539 [INFO]   ✅ monitor 完了
2026-05-02 07:10:20,539 [INFO] ============================================================
2026-05-02 07:10:20,540 [INFO] ✅ 全ステージ正常完了
2026-05-02 07:10:20,540 [INFO] 終了時刻: 2026-05-01T22:10:20.540095+00:00
2026-05-02 07:10:20,540 [INFO] ログ: D:\keiba_ai\pipeline_v2\logs\orchestrator_20260502.log
2026-05-02 07:10:20,540 [INFO] ============================================================
