2026-05-02 07:34:17,532 [INFO] ==================================================
2026-05-02 07:34:17,532 [INFO] publish テストモード
2026-05-02 07:34:17,532 [INFO] ==================================================
2026-05-02 07:34:17,532 [INFO] --- X投稿下書き ---
2026-05-02 07:34:17,532 [INFO] 【20260502-TKY-11】◎
上がり最速・コース適性。単勝狙い目。
勝率22% オッズ4.5倍 推奨:単勝
#keibaaAI #JRA
2026-05-02 07:34:17,532 [INFO] 文字数: 72
2026-05-02 07:34:17,532 [INFO] 
2026-05-02 07:34:17,532 [INFO] --- note記事下書き ---
2026-05-02 07:34:17,532 [INFO] # 20260502-TKY-11 予測レポート
## 要約
上がり最速・コース適性。単勝狙い目。
## 詳細
根拠3点：上がり最速、コース適性高、騎手勝率高。
## 買い目
- 馬券種: 単勝
- 対象: 3番
- 金額: 500円から1500円
*うまなり地蔵AI 自動生成*
2026-05-02 07:34:17,532 [INFO] テスト完了
